{"t":{"$date":"2021-03-16T23:19:13.455+11:00"},"s":"I",  "c":"CONTROL",  "id":23285,   "ctx":"main","msg":"Automatically disabling TLS 1.0, to force-enable TLS 1.0 specify --sslDisabledProtocols 'none'"}
{"t":{"$date":"2021-03-16T23:19:13.463+11:00"},"s":"W",  "c":"ASIO",     "id":22601,   "ctx":"main","msg":"No TransportLayer configured during NetworkInterface startup"}
{"t":{"$date":"2021-03-16T23:19:13.463+11:00"},"s":"I",  "c":"NETWORK",  "id":4648602, "ctx":"main","msg":"Implicit TCP FastOpen in use."}
{"t":{"$date":"2021-03-16T23:19:13.464+11:00"},"s":"I",  "c":"STORAGE",  "id":4615611, "ctx":"initandlisten","msg":"MongoDB starting","attr":{"pid":5833,"port":27017,"dbPath":"/data/db","architecture":"64-bit","host":"sampaths-MBP.modem"}}
{"t":{"$date":"2021-03-16T23:19:13.464+11:00"},"s":"I",  "c":"CONTROL",  "id":23403,   "ctx":"initandlisten","msg":"Build Info","attr":{"buildInfo":{"version":"4.4.3","gitVersion":"913d6b62acfbb344dde1b116f4161360acd8fd13","modules":[],"allocator":"system","environment":{"distarch":"x86_64","target_arch":"x86_64"}}}}
{"t":{"$date":"2021-03-16T23:19:13.464+11:00"},"s":"I",  "c":"CONTROL",  "id":51765,   "ctx":"initandlisten","msg":"Operating System","attr":{"os":{"name":"Mac OS X","version":"19.4.0"}}}
{"t":{"$date":"2021-03-16T23:19:13.464+11:00"},"s":"I",  "c":"CONTROL",  "id":21951,   "ctx":"initandlisten","msg":"Options set by command line","attr":{"options":{}}}
{"t":{"$date":"2021-03-16T23:19:13.466+11:00"},"s":"E",  "c":"STORAGE",  "id":20568,   "ctx":"initandlisten","msg":"Error setting up listener","attr":{"error":{"code":9001,"codeName":"SocketException","errmsg":"Address already in use"}}}
{"t":{"$date":"2021-03-16T23:19:13.466+11:00"},"s":"I",  "c":"REPL",     "id":4784900, "ctx":"initandlisten","msg":"Stepping down the ReplicationCoordinator for shutdown","attr":{"waitTimeMillis":10000}}
{"t":{"$date":"2021-03-16T23:19:13.466+11:00"},"s":"I",  "c":"COMMAND",  "id":4784901, "ctx":"initandlisten","msg":"Shutting down the MirrorMaestro"}
{"t":{"$date":"2021-03-16T23:19:13.466+11:00"},"s":"I",  "c":"SHARDING", "id":4784902, "ctx":"initandlisten","msg":"Shutting down the WaitForMajorityService"}
{"t":{"$date":"2021-03-16T23:19:13.466+11:00"},"s":"I",  "c":"NETWORK",  "id":4784905, "ctx":"initandlisten","msg":"Shutting down the global connection pool"}
{"t":{"$date":"2021-03-16T23:19:13.466+11:00"},"s":"I",  "c":"NETWORK",  "id":4784918, "ctx":"initandlisten","msg":"Shutting down the ReplicaSetMonitor"}
{"t":{"$date":"2021-03-16T23:19:13.466+11:00"},"s":"I",  "c":"SHARDING", "id":4784921, "ctx":"initandlisten","msg":"Shutting down the MigrationUtilExecutor"}
{"t":{"$date":"2021-03-16T23:19:13.466+11:00"},"s":"I",  "c":"CONTROL",  "id":4784925, "ctx":"initandlisten","msg":"Shutting down free monitoring"}
{"t":{"$date":"2021-03-16T23:19:13.466+11:00"},"s":"I",  "c":"STORAGE",  "id":4784927, "ctx":"initandlisten","msg":"Shutting down the HealthLog"}
{"t":{"$date":"2021-03-16T23:19:13.466+11:00"},"s":"I",  "c":"STORAGE",  "id":4784929, "ctx":"initandlisten","msg":"Acquiring the global lock for shutdown"}
{"t":{"$date":"2021-03-16T23:19:13.466+11:00"},"s":"I",  "c":"-",        "id":4784931, "ctx":"initandlisten","msg":"Dropping the scope cache for shutdown"}
{"t":{"$date":"2021-03-16T23:19:13.466+11:00"},"s":"I",  "c":"FTDC",     "id":4784926, "ctx":"initandlisten","msg":"Shutting down full-time data capture"}
{"t":{"$date":"2021-03-16T23:19:13.466+11:00"},"s":"I",  "c":"CONTROL",  "id":20565,   "ctx":"initandlisten","msg":"Now exiting"}
{"t":{"$date":"2021-03-16T23:19:13.466+11:00"},"s":"I",  "c":"CONTROL",  "id":23138,   "ctx":"initandlisten","msg":"Shutting down","attr":{"exitCode":48}}

> stonk-ponk-fe@0.1.0 start /Users/sampathsomanchi/capstone-project-3900-w18b-quuack-heads/stonk-ponk-fe
> react-scripts start

[34mℹ[39m [90m｢wds｣[39m: Project is running at http://192.168.0.60/
[34mℹ[39m [90m｢wds｣[39m: webpack output is served from 
[34mℹ[39m [90m｢wds｣[39m: Content not from webpack is served from /Users/sampathsomanchi/capstone-project-3900-w18b-quuack-heads/stonk-ponk-fe/public
[34mℹ[39m [90m｢wds｣[39m: 404s will fallback to /
Starting the development server...

Failed to compile.

./src/components/Market.jsx
Module not found: Can't resolve '@material-ui/core' in '/Users/sampathsomanchi/capstone-project-3900-w18b-quuack-heads/stonk-ponk-fe/src/components'
Compiling...
Failed to compile.

./src/components/Market.jsx
Module not found: Can't resolve '@material-ui/core' in '/Users/sampathsomanchi/capstone-project-3900-w18b-quuack-heads/stonk-ponk-fe/src/components'
Compiling...
Compiled with warnings.

src/components/Login.jsx
  Line 1:27:  'useEffect' is defined but never used  no-unused-vars

src/components/Market.jsx
  Line 11:10:  'history' is defined but never used  no-unused-vars

src/components/SignUp.jsx
  Line 55:41:  Unnecessary escape character: \[  no-useless-escape

src/components/SignUpSuccess.jsx
  Line 2:22:  'Link' is defined but never used  no-unused-vars

src/components/StockDetails.jsx
  Line 3:23:   'PeriodButton' is defined but never used  no-unused-vars
  Line 6:17:   'TableBody' is defined but never used     no-unused-vars
  Line 6:55:   'TableHead' is defined but never used     no-unused-vars
  Line 7:68:   'FlexRowDiv' is defined but never used    no-unused-vars
  Line 8:10:   'CompanyName' is defined but never used   no-unused-vars
  Line 8:23:   'NavList' is defined but never used       no-unused-vars
  Line 8:32:   'NavListItem' is defined but never used   no-unused-vars
  Line 15:11:  'id' is assigned a value but never used   no-unused-vars

src/components/StockDetailsChart.jsx
  Line 58:8:  React Hook useEffect has missing dependencies: 'dayData', 'monthData', and 'weekData'. Either include them or remove the dependency array  react-hooks/exhaustive-deps

src/components/Summary.jsx
  Line 4:10:  'authentication' is defined but never used  no-unused-vars

src/components/SummaryChart.jsx
  Line 25:11:  'series' is assigned a value but never used                                                                           no-unused-vars
  Line 32:11:  'axes' is assigned a value but never used                                                                             no-unused-vars
  Line 32:18:  React Hook useMemo does nothing when called with only one argument. Did you forget to pass an array of dependencies?  react-hooks/exhaustive-deps

src/services/authentication.js
  Line 3:10:  'handleResponse' is defined but never used  no-unused-vars

Search for the keywords to learn more about each warning.
To ignore, add // eslint-disable-next-line to the line before.

